OpenJDK 64-Bit Server VM (25.111-b16) for linux-amd64 JRE (1.8.0_111-b16), built on Oct 20 2016 09:32:48 by "mockbuild" with gcc 5.3.1 20160406 (Red Hat 5.3.1-6)
Memory: 4k page, physical 8052036k(2699472k free), swap 8126460k(8126460k free)
CommandLine flags: -XX:+DisableExplicitGC -XX:InitialHeapSize=1073741824 -XX:InitiatingHeapOccupancyPercent=35 -XX:+ManagementServer -XX:MaxGCPauseMillis=20 -XX:MaxHeapSize=1073741824 -XX:+PrintGC -XX:+PrintGCDateStamps -XX:+PrintGCDetails -XX:+PrintGCTimeStamps -XX:+UseCompressedClassPointers -XX:+UseCompressedOops -XX:+UseG1GC 
2016-12-31T13:13:45.100+0000: 0.983: [GC pause (G1 Evacuation Pause) (young), 0.0083149 secs]
   [Parallel Time: 4.6 ms, GC Workers: 4]
      [GC Worker Start (ms): Min: 983.4, Avg: 983.7, Max: 984.4, Diff: 1.0]
      [Ext Root Scanning (ms): Min: 0.1, Avg: 0.8, Max: 1.5, Diff: 1.4, Sum: 3.1]
      [Update RS (ms): Min: 0.0, Avg: 0.0, Max: 0.0, Diff: 0.0, Sum: 0.0]
         [Processed Buffers: Min: 0, Avg: 0.0, Max: 0, Diff: 0, Sum: 0]
      [Scan RS (ms): Min: 0.0, Avg: 0.0, Max: 0.0, Diff: 0.0, Sum: 0.0]
      [Code Root Scanning (ms): Min: 0.0, Avg: 0.2, Max: 0.3, Diff: 0.3, Sum: 0.6]
      [Object Copy (ms): Min: 3.1, Avg: 3.3, Max: 3.6, Diff: 0.5, Sum: 13.4]
      [Termination (ms): Min: 0.0, Avg: 0.0, Max: 0.0, Diff: 0.0, Sum: 0.0]
         [Termination Attempts: Min: 1, Avg: 6.8, Max: 10, Diff: 9, Sum: 27]
      [GC Worker Other (ms): Min: 0.0, Avg: 0.0, Max: 0.0, Diff: 0.0, Sum: 0.0]
      [GC Worker Total (ms): Min: 3.6, Avg: 4.3, Max: 4.6, Diff: 1.0, Sum: 17.3]
      [GC Worker End (ms): Min: 988.0, Avg: 988.0, Max: 988.0, Diff: 0.0]
   [Code Root Fixup: 0.1 ms]
   [Code Root Purge: 0.0 ms]
   [Clear CT: 0.1 ms]
   [Other: 3.5 ms]
      [Choose CSet: 0.0 ms]
      [Ref Proc: 3.2 ms]
      [Ref Enq: 0.0 ms]
      [Redirty Cards: 0.0 ms]
      [Humongous Register: 0.0 ms]
      [Humongous Reclaim: 0.0 ms]
      [Free CSet: 0.0 ms]
   [Eden: 51.0M(51.0M)->0.0B(44.0M) Survivors: 0.0B->7168.0K Heap: 51.0M(1024.0M)->8035.0K(1024.0M)]
 [Times: user=0.01 sys=0.00, real=0.01 secs] 
2016-12-31T13:13:45.805+0000: 1.688: [GC pause (G1 Evacuation Pause) (young), 0.0094997 secs]
   [Parallel Time: 7.7 ms, GC Workers: 4]
      [GC Worker Start (ms): Min: 1688.5, Avg: 1688.5, Max: 1688.5, Diff: 0.0]
      [Ext Root Scanning (ms): Min: 0.9, Avg: 2.7, Max: 7.1, Diff: 6.2, Sum: 10.6]
      [Update RS (ms): Min: 0.0, Avg: 0.0, Max: 0.1, Diff: 0.1, Sum: 0.1]
         [Processed Buffers: Min: 0, Avg: 0.2, Max: 1, Diff: 1, Sum: 1]
      [Scan RS (ms): Min: 0.0, Avg: 0.0, Max: 0.0, Diff: 0.0, Sum: 0.0]
      [Code Root Scanning (ms): Min: 0.0, Avg: 0.5, Max: 1.6, Diff: 1.6, Sum: 1.9]
      [Object Copy (ms): Min: 0.0, Avg: 3.6, Max: 5.5, Diff: 5.5, Sum: 14.5]
      [Termination (ms): Min: 0.0, Avg: 0.4, Max: 0.9, Diff: 0.9, Sum: 1.6]
         [Termination Attempts: Min: 1, Avg: 2.2, Max: 4, Diff: 3, Sum: 9]
      [GC Worker Other (ms): Min: 0.0, Avg: 0.0, Max: 0.0, Diff: 0.0, Sum: 0.0]
      [GC Worker Total (ms): Min: 7.1, Avg: 7.2, Max: 7.6, Diff: 0.5, Sum: 28.9]
      [GC Worker End (ms): Min: 1695.6, Avg: 1695.7, Max: 1696.1, Diff: 0.5]
   [Code Root Fixup: 0.4 ms]
   [Code Root Purge: 0.0 ms]
   [Clear CT: 0.1 ms]
   [Other: 1.3 ms]
      [Choose CSet: 0.0 ms]
      [Ref Proc: 0.9 ms]
      [Ref Enq: 0.0 ms]
      [Redirty Cards: 0.0 ms]
      [Humongous Register: 0.1 ms]
      [Humongous Reclaim: 0.0 ms]
      [Free CSet: 0.1 ms]
   [Eden: 44.0M(44.0M)->0.0B(44.0M) Survivors: 7168.0K->7168.0K Heap: 179.8M(1024.0M)->136.5M(1024.0M)]
 [Times: user=0.04 sys=0.00, real=0.01 secs] 
2016-12-31T13:13:46.048+0000: 1.931: [GC pause (G1 Evacuation Pause) (young), 0.0152508 secs]
   [Parallel Time: 12.7 ms, GC Workers: 4]
      [GC Worker Start (ms): Min: 1930.8, Avg: 1932.7, Max: 1938.4, Diff: 7.6]
      [Ext Root Scanning (ms): Min: 0.0, Avg: 0.8, Max: 1.5, Diff: 1.5, Sum: 3.2]
      [Update RS (ms): Min: 0.0, Avg: 0.1, Max: 0.1, Diff: 0.1, Sum: 0.3]
         [Processed Buffers: Min: 0, Avg: 0.5, Max: 1, Diff: 1, Sum: 2]
      [Scan RS (ms): Min: 0.0, Avg: 0.0, Max: 0.0, Diff: 0.0, Sum: 0.0]
      [Code Root Scanning (ms): Min: 0.0, Avg: 0.6, Max: 1.4, Diff: 1.4, Sum: 2.4]
      [Object Copy (ms): Min: 0.0, Avg: 5.4, Max: 10.6, Diff: 10.6, Sum: 21.5]
      [Termination (ms): Min: 0.0, Avg: 3.5, Max: 5.0, Diff: 5.0, Sum: 14.1]
         [Termination Attempts: Min: 1, Avg: 1.0, Max: 1, Diff: 0, Sum: 4]
      [GC Worker Other (ms): Min: 0.0, Avg: 0.0, Max: 0.0, Diff: 0.0, Sum: 0.0]
      [GC Worker Total (ms): Min: 4.6, Avg: 10.4, Max: 12.6, Diff: 8.0, Sum: 41.6]
      [GC Worker End (ms): Min: 1943.0, Avg: 1943.1, Max: 1943.4, Diff: 0.4]
   [Code Root Fixup: 0.5 ms]
   [Code Root Purge: 0.0 ms]
   [Clear CT: 0.0 ms]
   [Other: 2.1 ms]
      [Choose CSet: 0.0 ms]
      [Ref Proc: 1.8 ms]
      [Ref Enq: 0.0 ms]
      [Redirty Cards: 0.0 ms]
      [Humongous Register: 0.0 ms]
      [Humongous Reclaim: 0.0 ms]
      [Free CSet: 0.1 ms]
   [Eden: 44.0M(44.0M)->0.0B(48.0M) Survivors: 7168.0K->3072.0K Heap: 180.5M(1024.0M)->135.4M(1024.0M)]
 [Times: user=0.05 sys=0.00, real=0.02 secs] 
2016-12-31T13:13:46.247+0000: 2.130: [GC pause (G1 Evacuation Pause) (young), 0.0045667 secs]
   [Parallel Time: 2.6 ms, GC Workers: 4]
      [GC Worker Start (ms): Min: 2129.7, Avg: 2130.5, Max: 2132.3, Diff: 2.6]
      [Ext Root Scanning (ms): Min: 0.0, Avg: 0.4, Max: 0.8, Diff: 0.8, Sum: 1.6]
      [Update RS (ms): Min: 0.0, Avg: 0.2, Max: 0.4, Diff: 0.4, Sum: 0.7]
         [Processed Buffers: Min: 0, Avg: 1.8, Max: 4, Diff: 4, Sum: 7]
      [Scan RS (ms): Min: 0.0, Avg: 0.1, Max: 0.3, Diff: 0.3, Sum: 0.6]
      [Code Root Scanning (ms): Min: 0.0, Avg: 0.1, Max: 0.2, Diff: 0.2, Sum: 0.4]
      [Object Copy (ms): Min: 0.0, Avg: 0.8, Max: 1.2, Diff: 1.2, Sum: 3.4]
      [Termination (ms): Min: 0.0, Avg: 0.1, Max: 0.2, Diff: 0.2, Sum: 0.5]
         [Termination Attempts: Min: 1, Avg: 1.0, Max: 1, Diff: 0, Sum: 4]
      [GC Worker Other (ms): Min: 0.0, Avg: 0.0, Max: 0.0, Diff: 0.0, Sum: 0.0]
      [GC Worker Total (ms): Min: 0.0, Avg: 1.8, Max: 2.6, Diff: 2.6, Sum: 7.1]
      [GC Worker End (ms): Min: 2132.3, Avg: 2132.3, Max: 2132.3, Diff: 0.0]
   [Code Root Fixup: 0.1 ms]
   [Code Root Purge: 0.0 ms]
   [Clear CT: 0.0 ms]
   [Other: 1.8 ms]
      [Choose CSet: 0.0 ms]
      [Ref Proc: 1.6 ms]
      [Ref Enq: 0.0 ms]
      [Redirty Cards: 0.0 ms]
      [Humongous Register: 0.0 ms]
      [Humongous Reclaim: 0.0 ms]
      [Free CSet: 0.0 ms]
   [Eden: 48.0M(48.0M)->0.0B(48.0M) Survivors: 3072.0K->3072.0K Heap: 183.4M(1024.0M)->134.9M(1024.0M)]
 [Times: user=0.01 sys=0.00, real=0.00 secs] 
2016-12-31T13:13:46.414+0000: 2.297: [GC pause (Metadata GC Threshold) (young) (initial-mark), 0.0045594 secs]
   [Parallel Time: 3.4 ms, GC Workers: 4]
      [GC Worker Start (ms): Min: 2297.3, Avg: 2297.5, Max: 2298.2, Diff: 0.8]
      [Ext Root Scanning (ms): Min: 0.0, Avg: 1.6, Max: 3.3, Diff: 3.2, Sum: 6.4]
      [Update RS (ms): Min: 0.0, Avg: 0.2, Max: 0.4, Diff: 0.4, Sum: 0.6]
         [Processed Buffers: Min: 0, Avg: 2.0, Max: 6, Diff: 6, Sum: 8]
      [Scan RS (ms): Min: 0.0, Avg: 0.0, Max: 0.0, Diff: 0.0, Sum: 0.0]
      [Code Root Scanning (ms): Min: 0.0, Avg: 0.1, Max: 0.3, Diff: 0.3, Sum: 0.4]
      [Object Copy (ms): Min: 0.1, Avg: 1.1, Max: 1.8, Diff: 1.7, Sum: 4.5]
      [Termination (ms): Min: 0.0, Avg: 0.1, Max: 0.2, Diff: 0.2, Sum: 0.6]
         [Termination Attempts: Min: 1, Avg: 2.0, Max: 4, Diff: 3, Sum: 8]
      [GC Worker Other (ms): Min: 0.0, Avg: 0.0, Max: 0.0, Diff: 0.0, Sum: 0.0]
      [GC Worker Total (ms): Min: 2.5, Avg: 3.1, Max: 3.4, Diff: 0.8, Sum: 12.5]
      [GC Worker End (ms): Min: 2300.7, Avg: 2300.7, Max: 2300.7, Diff: 0.0]
   [Code Root Fixup: 0.1 ms]
   [Code Root Purge: 0.0 ms]
   [Clear CT: 0.1 ms]
   [Other: 1.0 ms]
      [Choose CSet: 0.0 ms]
      [Ref Proc: 0.6 ms]
      [Ref Enq: 0.0 ms]
      [Redirty Cards: 0.0 ms]
      [Humongous Register: 0.0 ms]
      [Humongous Reclaim: 0.1 ms]
      [Free CSet: 0.0 ms]
   [Eden: 43.0M(48.0M)->0.0B(47.0M) Survivors: 3072.0K->4096.0K Heap: 177.4M(1024.0M)->135.8M(1024.0M)]
 [Times: user=0.02 sys=0.00, real=0.00 secs] 
2016-12-31T13:13:46.419+0000: 2.302: [GC concurrent-root-region-scan-start]
2016-12-31T13:13:46.422+0000: 2.305: [GC concurrent-root-region-scan-end, 0.0027166 secs]
2016-12-31T13:13:46.422+0000: 2.305: [GC concurrent-mark-start]
2016-12-31T13:13:46.433+0000: 2.316: [GC concurrent-mark-end, 0.0110189 secs]
2016-12-31T13:13:46.433+0000: 2.316: [GC remark 2016-12-31T13:13:46.433+0000: 2.316: [Finalize Marking, 0.0002581 secs] 2016-12-31T13:13:46.433+0000: 2.316: [GC ref-proc, 0.0001267 secs] 2016-12-31T13:13:46.433+0000: 2.316: [Unloading, 0.0057468 secs], 0.0079552 secs]
 [Times: user=0.02 sys=0.00, real=0.00 secs] 
2016-12-31T13:13:46.441+0000: 2.324: [GC cleanup 136M->135M(1024M), 0.0009583 secs]
 [Times: user=0.00 sys=0.00, real=0.01 secs] 
2016-12-31T13:13:46.442+0000: 2.325: [GC concurrent-cleanup-start]
2016-12-31T13:13:46.442+0000: 2.325: [GC concurrent-cleanup-end, 0.0000148 secs]
2016-12-31T13:13:46.828+0000: 2.711: [GC pause (G1 Evacuation Pause) (young), 0.0058183 secs]
   [Parallel Time: 4.0 ms, GC Workers: 4]
      [GC Worker Start (ms): Min: 2710.8, Avg: 2711.4, Max: 2712.1, Diff: 1.2]
      [Ext Root Scanning (ms): Min: 0.2, Avg: 0.9, Max: 1.5, Diff: 1.2, Sum: 3.6]
      [Update RS (ms): Min: 0.2, Avg: 0.3, Max: 0.4, Diff: 0.3, Sum: 1.0]
         [Processed Buffers: Min: 1, Avg: 4.0, Max: 7, Diff: 6, Sum: 16]
      [Scan RS (ms): Min: 0.0, Avg: 0.0, Max: 0.0, Diff: 0.0, Sum: 0.0]
      [Code Root Scanning (ms): Min: 0.0, Avg: 0.1, Max: 0.4, Diff: 0.4, Sum: 0.6]
      [Object Copy (ms): Min: 1.8, Avg: 2.0, Max: 2.2, Diff: 0.3, Sum: 8.2]
      [Termination (ms): Min: 0.0, Avg: 0.0, Max: 0.0, Diff: 0.0, Sum: 0.0]
         [Termination Attempts: Min: 1, Avg: 1.0, Max: 1, Diff: 0, Sum: 4]
      [GC Worker Other (ms): Min: 0.0, Avg: 0.0, Max: 0.0, Diff: 0.0, Sum: 0.0]
      [GC Worker Total (ms): Min: 2.7, Avg: 3.4, Max: 4.0, Diff: 1.2, Sum: 13.4]
      [GC Worker End (ms): Min: 2714.8, Avg: 2714.8, Max: 2714.8, Diff: 0.0]
   [Code Root Fixup: 0.2 ms]
   [Code Root Purge: 0.0 ms]
   [Clear CT: 0.1 ms]
   [Other: 1.5 ms]
      [Choose CSet: 0.0 ms]
      [Ref Proc: 1.0 ms]
      [Ref Enq: 0.0 ms]
      [Redirty Cards: 0.0 ms]
      [Humongous Register: 0.1 ms]
      [Humongous Reclaim: 0.0 ms]
      [Free CSet: 0.1 ms]
   [Eden: 47.0M(47.0M)->0.0B(46.0M) Survivors: 4096.0K->5120.0K Heap: 181.8M(1024.0M)->136.3M(1024.0M)]
 [Times: user=0.02 sys=0.00, real=0.01 secs] 
2016-12-31T13:13:46.993+0000: 2.876: [GC pause (G1 Evacuation Pause) (young), 0.0046055 secs]
   [Parallel Time: 4.0 ms, GC Workers: 4]
      [GC Worker Start (ms): Min: 2876.2, Avg: 2876.2, Max: 2876.4, Diff: 0.2]
      [Ext Root Scanning (ms): Min: 0.4, Avg: 0.8, Max: 1.3, Diff: 0.9, Sum: 3.1]
      [Update RS (ms): Min: 0.0, Avg: 0.2, Max: 0.3, Diff: 0.3, Sum: 0.8]
         [Processed Buffers: Min: 0, Avg: 2.2, Max: 6, Diff: 6, Sum: 9]
      [Scan RS (ms): Min: 0.0, Avg: 0.0, Max: 0.0, Diff: 0.0, Sum: 0.0]
      [Code Root Scanning (ms): Min: 0.0, Avg: 0.7, Max: 2.9, Diff: 2.9, Sum: 2.9]
      [Object Copy (ms): Min: 0.1, Avg: 1.8, Max: 2.5, Diff: 2.4, Sum: 7.2]
      [Termination (ms): Min: 0.0, Avg: 0.3, Max: 0.5, Diff: 0.5, Sum: 1.4]
         [Termination Attempts: Min: 1, Avg: 1.0, Max: 1, Diff: 0, Sum: 4]
      [GC Worker Other (ms): Min: 0.0, Avg: 0.0, Max: 0.0, Diff: 0.0, Sum: 0.0]
      [GC Worker Total (ms): Min: 3.7, Avg: 3.9, Max: 3.9, Diff: 0.3, Sum: 15.4]
      [GC Worker End (ms): Min: 2880.1, Avg: 2880.1, Max: 2880.1, Diff: 0.0]
   [Code Root Fixup: 0.1 ms]
   [Code Root Purge: 0.0 ms]
   [Clear CT: 0.0 ms]
   [Other: 0.5 ms]
      [Choose CSet: 0.0 ms]
      [Ref Proc: 0.2 ms]
      [Ref Enq: 0.0 ms]
      [Redirty Cards: 0.0 ms]
      [Humongous Register: 0.0 ms]
      [Humongous Reclaim: 0.0 ms]
      [Free CSet: 0.0 ms]
   [Eden: 46.0M(46.0M)->0.0B(52.0M) Survivors: 5120.0K->5120.0K Heap: 182.3M(1024.0M)->135.9M(1024.0M)]
 [Times: user=0.02 sys=0.00, real=0.00 secs] 
2016-12-31T13:13:47.348+0000: 3.231: [GC pause (G1 Humongous Allocation) (young) (initial-mark), 0.0098642 secs]
   [Parallel Time: 8.8 ms, GC Workers: 4]
      [GC Worker Start (ms): Min: 3231.1, Avg: 3231.7, Max: 3232.3, Diff: 1.2]
      [Ext Root Scanning (ms): Min: 0.0, Avg: 1.3, Max: 2.6, Diff: 2.6, Sum: 5.4]
      [Update RS (ms): Min: 0.0, Avg: 0.3, Max: 0.5, Diff: 0.5, Sum: 1.0]
         [Processed Buffers: Min: 0, Avg: 2.8, Max: 9, Diff: 9, Sum: 11]
      [Scan RS (ms): Min: 0.0, Avg: 0.0, Max: 0.0, Diff: 0.0, Sum: 0.0]
      [Code Root Scanning (ms): Min: 0.0, Avg: 1.0, Max: 4.0, Diff: 4.0, Sum: 4.1]
      [Object Copy (ms): Min: 0.0, Avg: 3.0, Max: 7.1, Diff: 7.1, Sum: 12.0]
      [Termination (ms): Min: 0.0, Avg: 2.6, Max: 3.6, Diff: 3.6, Sum: 10.3]
         [Termination Attempts: Min: 1, Avg: 1.0, Max: 1, Diff: 0, Sum: 4]
      [GC Worker Other (ms): Min: 0.0, Avg: 0.0, Max: 0.0, Diff: 0.0, Sum: 0.0]
      [GC Worker Total (ms): Min: 7.6, Avg: 8.2, Max: 8.8, Diff: 1.2, Sum: 32.9]
      [GC Worker End (ms): Min: 3239.9, Avg: 3239.9, Max: 3239.9, Diff: 0.0]
   [Code Root Fixup: 0.1 ms]
   [Code Root Purge: 0.0 ms]
   [Clear CT: 0.0 ms]
   [Other: 0.9 ms]
      [Choose CSet: 0.0 ms]
      [Ref Proc: 0.4 ms]
      [Ref Enq: 0.0 ms]
      [Redirty Cards: 0.0 ms]
      [Humongous Register: 0.0 ms]
      [Humongous Reclaim: 0.2 ms]
      [Free CSet: 0.0 ms]
   [Eden: 46.0M(52.0M)->0.0B(65.0M) Survivors: 5120.0K->5120.0K Heap: 366.1M(1024.0M)->135.8M(1024.0M)]
 [Times: user=0.03 sys=0.00, real=0.01 secs] 
2016-12-31T13:13:47.358+0000: 3.241: [GC concurrent-root-region-scan-start]
2016-12-31T13:13:47.362+0000: 3.245: [GC concurrent-root-region-scan-end, 0.0040090 secs]
2016-12-31T13:13:47.362+0000: 3.245: [GC concurrent-mark-start]
2016-12-31T13:13:47.374+0000: 3.257: [GC concurrent-mark-end, 0.0124891 secs]
2016-12-31T13:13:47.375+0000: 3.258: [GC remark 2016-12-31T13:13:47.375+0000: 3.258: [Finalize Marking, 0.0007957 secs] 2016-12-31T13:13:47.375+0000: 3.258: [GC ref-proc, 0.0002050 secs] 2016-12-31T13:13:47.376+0000: 3.259: [Unloading, 0.0048551 secs], 0.0075453 secs]
 [Times: user=0.02 sys=0.00, real=0.01 secs] 
2016-12-31T13:13:47.382+0000: 3.265: [GC cleanup 201M->201M(1024M), 0.0009734 secs]
 [Times: user=0.01 sys=0.00, real=0.00 secs] 
Heap
 garbage-first heap   total 1048576K, used 249645K [0x00000000c0000000, 0x00000000c0102000, 0x0000000100000000)
  region size 1024K, 49 young (50176K), 5 survivors (5120K)
 Metaspace       used 25783K, capacity 25994K, committed 26240K, reserved 1071104K
  class space    used 3526K, capacity 3585K, committed 3712K, reserved 1048576K
